// Jest Snapshot v1, https://goo.gl/fbAQLP

exports[`Box Box default 1`] = `
.c0 {
  border: 0;
  box-sizing: border-box;
  font: inherit;
  font-size: 100%;
  margin: 0;
  padding: 0;
  vertical-align: baseline;
  -webkit-animation: none;
  animation: none;
  margin-top: 1.25rem;
}

<div
  className="c0"
>
  ðŸ¥‘
</div>
`;

exports[`Box Box supports background-color 1`] = `
.c0 {
  border: 0;
  box-sizing: border-box;
  font: inherit;
  font-size: 100%;
  margin: 0;
  padding: 0;
  vertical-align: baseline;
  -webkit-animation: none;
  animation: none;
  background-color: #64518A;
}

<div
  className="c0"
/>
`;

exports[`Box Box supports display 1`] = `
.c0 {
  border: 0;
  box-sizing: border-box;
  font: inherit;
  font-size: 100%;
  margin: 0;
  padding: 0;
  vertical-align: baseline;
  -webkit-animation: none;
  animation: none;
  display: inline-block;
}

<div
  className="c0"
/>
`;

exports[`Box Box supports height properties 1`] = `
.c0 {
  border: 0;
  box-sizing: border-box;
  font: inherit;
  font-size: 100%;
  margin: 0;
  padding: 0;
  vertical-align: baseline;
  -webkit-animation: none;
  animation: none;
  height: 1vh;
}

<div
  className="c0"
/>
`;

exports[`Box Box supports height properties 2`] = `
.c0 {
  border: 0;
  box-sizing: border-box;
  font: inherit;
  font-size: 100%;
  margin: 0;
  padding: 0;
  vertical-align: baseline;
  -webkit-animation: none;
  animation: none;
  max-height: 1vh;
}

<div
  className="c0"
/>
`;

exports[`Box Box supports height properties 3`] = `
.c0 {
  border: 0;
  box-sizing: border-box;
  font: inherit;
  font-size: 100%;
  margin: 0;
  padding: 0;
  vertical-align: baseline;
  -webkit-animation: none;
  animation: none;
  min-height: 1vh;
}

<div
  className="c0"
/>
`;

exports[`Box Box supports position, top, left, bottom, right 1`] = `
.c0 {
  border: 0;
  box-sizing: border-box;
  font: inherit;
  font-size: 100%;
  margin: 0;
  padding: 0;
  vertical-align: baseline;
  -webkit-animation: none;
  animation: none;
  position: absolute;
}

<div
  className="c0"
/>
`;

exports[`Box Box supports position, top, left, bottom, right 2`] = `
.c0 {
  border: 0;
  box-sizing: border-box;
  font: inherit;
  font-size: 100%;
  margin: 0;
  padding: 0;
  vertical-align: baseline;
  -webkit-animation: none;
  animation: none;
  top: 1rem;
}

<div
  className="c0"
/>
`;

exports[`Box Box supports position, top, left, bottom, right 3`] = `
.c0 {
  border: 0;
  box-sizing: border-box;
  font: inherit;
  font-size: 100%;
  margin: 0;
  padding: 0;
  vertical-align: baseline;
  -webkit-animation: none;
  animation: none;
  left: 1rem;
}

<div
  className="c0"
/>
`;

exports[`Box Box supports position, top, left, bottom, right 4`] = `
.c0 {
  border: 0;
  box-sizing: border-box;
  font: inherit;
  font-size: 100%;
  margin: 0;
  padding: 0;
  vertical-align: baseline;
  -webkit-animation: none;
  animation: none;
  right: 1rem;
}

<div
  className="c0"
/>
`;

exports[`Box Box supports position, top, left, bottom, right 5`] = `
.c0 {
  border: 0;
  box-sizing: border-box;
  font: inherit;
  font-size: 100%;
  margin: 0;
  padding: 0;
  vertical-align: baseline;
  -webkit-animation: none;
  animation: none;
  bottom: 1rem;
}

<div
  className="c0"
/>
`;

exports[`Box Box supports responsive fontSize and lineHeight 1`] = `
.c0 {
  border: 0;
  box-sizing: border-box;
  font: inherit;
  font-size: 100%;
  margin: 0;
  padding: 0;
  vertical-align: baseline;
  -webkit-animation: none;
  animation: none;
  font-size: 0.875rem;
}

@media screen and (min-width:30rem) {
  .c0 {
    font-size: 1.125rem;
  }
}

<div
  className="c0"
/>
`;

exports[`Box Box supports responsive fontSize and lineHeight 2`] = `
.c0 {
  border: 0;
  box-sizing: border-box;
  font: inherit;
  font-size: 100%;
  margin: 0;
  padding: 0;
  vertical-align: baseline;
  -webkit-animation: none;
  animation: none;
  line-height: 1.25rem;
}

@media screen and (min-width:30rem) {
  .c0 {
    line-height: 1.75rem;
  }
}

<div
  className="c0"
/>
`;

exports[`Box Box supports width 1`] = `
.c0 {
  border: 0;
  box-sizing: border-box;
  font: inherit;
  font-size: 100%;
  margin: 0;
  padding: 0;
  vertical-align: baseline;
  -webkit-animation: none;
  animation: none;
  width: 1vw;
}

<div
  className="c0"
/>
`;

exports[`Box Box supports width 2`] = `
.c0 {
  border: 0;
  box-sizing: border-box;
  font: inherit;
  font-size: 100%;
  margin: 0;
  padding: 0;
  vertical-align: baseline;
  -webkit-animation: none;
  animation: none;
  max-width: 1vw;
}

<div
  className="c0"
/>
`;

exports[`Box Box supports width 3`] = `
.c0 {
  border: 0;
  box-sizing: border-box;
  font: inherit;
  font-size: 100%;
  margin: 0;
  padding: 0;
  vertical-align: baseline;
  -webkit-animation: none;
  animation: none;
  min-width: 1vw;
}

<div
  className="c0"
/>
`;

exports[`Box Box with SizeNone is valid 1`] = `
.c0 {
  border: 0;
  box-sizing: border-box;
  font: inherit;
  font-size: 100%;
  margin: 0;
  padding: 0;
  vertical-align: baseline;
  -webkit-animation: none;
  animation: none;
  margin-top: 0rem;
}

<div
  className="c0"
>
  ðŸ¥‘
</div>
`;

exports[`Box Box with null values are removed from styling 1`] = `
.c0 {
  border: 0;
  box-sizing: border-box;
  font: inherit;
  font-size: 100%;
  margin: 0;
  padding: 0;
  vertical-align: baseline;
  -webkit-animation: none;
  animation: none;
  margin-top: 1.25rem;
}

@media screen and (min-width:48rem) {
  .c0 {
    margin-top: 1rem;
  }
}

<div
  className="c0"
>
  ðŸ¥‘
</div>
`;

exports[`Box Responsive margin top Box 1`] = `
.c0 {
  border: 0;
  box-sizing: border-box;
  font: inherit;
  font-size: 100%;
  margin: 0;
  padding: 0;
  vertical-align: baseline;
  -webkit-animation: none;
  animation: none;
  margin-top: 1.25rem;
}

@media screen and (min-width:30rem) {
  .c0 {
    margin-top: 1rem;
  }
}

@media screen and (min-width:48rem) {
  .c0 {
    margin-top: 0.75rem;
  }
}

<div
  className="c0"
>
  ðŸ¥‘
</div>
`;

exports[`Box borders Box supports borders 1`] = `
.c0 {
  border: 0;
  box-sizing: border-box;
  font: inherit;
  font-size: 100%;
  margin: 0;
  padding: 0;
  vertical-align: baseline;
  -webkit-animation: none;
  animation: none;
  border: 1px solid black;
}

<div
  className="c0"
/>
`;

exports[`Box borders supports borderColor 1`] = `
.c0 {
  border: 0;
  box-sizing: border-box;
  font: inherit;
  font-size: 100%;
  margin: 0;
  padding: 0;
  vertical-align: baseline;
  -webkit-animation: none;
  animation: none;
  border-color: #DEE1E5;
}

<div
  className="c0"
/>
`;

exports[`Box borders supports borderRadius 1`] = `
.c0 {
  border: 0;
  box-sizing: border-box;
  font: inherit;
  font-size: 100%;
  margin: 0;
  padding: 0;
  vertical-align: baseline;
  -webkit-animation: none;
  animation: none;
  border-radius: 0.25rem;
}

<div
  className="c0"
/>
`;

exports[`Box core HTML attributes Box allows autoFocus 1`] = `
.c0 {
  border: 0;
  box-sizing: border-box;
  font: inherit;
  font-size: 100%;
  margin: 0;
  padding: 0;
  vertical-align: baseline;
  -webkit-animation: none;
  animation: none;
}

<div
  autoFocus={true}
  className="c0"
>
  Autofocus?
</div>
`;

exports[`Box core HTML attributes Box allows for ARIA attributes 1`] = `
.c0 {
  border: 0;
  box-sizing: border-box;
  font: inherit;
  font-size: 100%;
  margin: 0;
  padding: 0;
  vertical-align: baseline;
  -webkit-animation: none;
  animation: none;
}

<div
  aria-disabled={true}
  className="c0"
>
  aria-disabled
</div>
`;

exports[`Box core HTML attributes Box allows for HTML events 1`] = `
.c0 {
  border: 0;
  box-sizing: border-box;
  font: inherit;
  font-size: 100%;
  margin: 0;
  padding: 0;
  vertical-align: baseline;
  -webkit-animation: none;
  animation: none;
}

<div
  className="c0"
  onMouseEnter={[Function]}
>
  Autofocus?
</div>
`;

exports[`Box flex supports flex item properties 1`] = `
.c0 {
  border: 0;
  box-sizing: border-box;
  font: inherit;
  font-size: 100%;
  margin: 0;
  padding: 0;
  vertical-align: baseline;
  -webkit-align-self: center;
  -ms-flex-item-align: center;
  align-self: center;
  -webkit-animation: none;
  animation: none;
  -webkit-flex: 1 1;
  -ms-flex: 1 1;
  flex: 1 1;
  -webkit-flex-basis: 1;
  -ms-flex-preferred-size: 1;
  flex-basis: 1;
  -webkit-order: unset;
  -ms-flex-order: unset;
  order: unset;
}

<div
  className="c0"
/>
`;

exports[`Box flex supports flex properties 1`] = `
.c0 {
  border: 0;
  box-sizing: border-box;
  font: inherit;
  font-size: 100%;
  margin: 0;
  padding: 0;
  vertical-align: baseline;
  -webkit-align-content: flex-end;
  -ms-flex-line-pack: end;
  align-content: flex-end;
  -webkit-align-items: baseline;
  -webkit-box-align: baseline;
  -ms-flex-align: baseline;
  align-items: baseline;
  -webkit-animation: none;
  animation: none;
  display: -webkit-box;
  display: -webkit-flex;
  display: -ms-flexbox;
  display: flex;
  -webkit-flex-direction: column;
  -ms-flex-direction: column;
  flex-direction: column;
  -webkit-flex-wrap: wrap;
  -ms-flex-wrap: wrap;
  flex-wrap: wrap;
  -webkit-box-pack: center;
  -webkit-justify-content: center;
  -ms-flex-pack: center;
  justify-content: center;
}

<div
  className="c0"
/>
`;

exports[`Box fonts font helpers 1`] = `
.c0 {
  border: 0;
  box-sizing: border-box;
  font: inherit;
  font-size: 100%;
  margin: 0;
  padding: 0;
  vertical-align: baseline;
  -webkit-animation: none;
  animation: none;
  font-family: system-ui;
}

<div
  className="c0"
/>
`;

exports[`Box fonts font helpers 2`] = `
.c0 {
  border: 0;
  box-sizing: border-box;
  font: inherit;
  font-size: 100%;
  margin: 0;
  padding: 0;
  vertical-align: baseline;
  -webkit-animation: none;
  animation: none;
  font-size: 0.875rem;
}

<div
  className="c0"
/>
`;

exports[`Box fonts font helpers 3`] = `
.c0 {
  border: 0;
  box-sizing: border-box;
  font: inherit;
  font-size: 100%;
  margin: 0;
  padding: 0;
  vertical-align: baseline;
  -webkit-animation: none;
  animation: none;
  font-weight: 700;
}

<div
  className="c0"
/>
`;

exports[`Box fonts font helpers 4`] = `
.c0 {
  border: 0;
  box-sizing: border-box;
  font: inherit;
  font-size: 100%;
  margin: 0;
  padding: 0;
  vertical-align: baseline;
  -webkit-animation: none;
  animation: none;
  -webkit-letter-spacing: 10;
  -moz-letter-spacing: 10;
  -ms-letter-spacing: 10;
  letter-spacing: 10;
}

<div
  className="c0"
/>
`;

exports[`Box fonts font helpers 5`] = `
.c0 {
  border: 0;
  box-sizing: border-box;
  font: inherit;
  font-size: 100%;
  margin: 0;
  padding: 0;
  vertical-align: baseline;
  -webkit-animation: none;
  animation: none;
  line-height: 1.5rem;
}

<div
  className="c0"
/>
`;

exports[`Box fonts font helpers 6`] = `
.c0 {
  border: 0;
  box-sizing: border-box;
  font: inherit;
  font-size: 100%;
  margin: 0;
  padding: 0;
  vertical-align: baseline;
  -webkit-animation: none;
  animation: none;
  text-align: right;
}

<div
  className="c0"
/>
`;

exports[`Box fonts font helpers 7`] = `
.c0 {
  border: 0;
  box-sizing: border-box;
  font: inherit;
  font-size: 100%;
  margin: 0;
  padding: 0;
  vertical-align: baseline;
  -webkit-animation: none;
  animation: none;
  color: #939BA5;
}

<div
  className="c0"
/>
`;
